// Jest Snapshot v1, https://goo.gl/fbAQLP

exports[`test with jest snapshot render correctly 1`] = `
<div>
  <nav
    className="nav row isBlue"
  >
    <div
      className="col-4 pt-3"
    >
      <a
        aria-current="page"
        className="active"
        href="/"
        onClick={[Function]}
      >
        <h1
          className="p-1 c-white"
        >
          <svg
            fill="currentColor"
            height="1em"
            viewBox="0 0 16 16"
            width="1em"
            xmlns="http://www.w3.org/2000/svg"
          >
            <path
              d="M15 8a.5.5 0 0 0-.5-.5H2.707l3.147-3.146a.5.5 0 1 0-.708-.708l-4 4a.5.5 0 0 0 0 .708l4 4a.5.5 0 0 0 .708-.708L2.707 8.5H14.5A.5.5 0 0 0 15 8z"
              fillRule="evenodd"
            />
          </svg>
        </h1>
      </a>
    </div>
    <div
      className="icons c-white"
    >
      <h4>
        <svg
          fill="currentColor"
          height="1em"
          stroke="currentColor"
          strokeWidth="0"
          style={
            Object {
              "color": undefined,
            }
          }
          viewBox="0 0 16 16"
          width="1em"
          xmlns="http://www.w3.org/2000/svg"
        >
          <path
            d="M5 3a3 3 0 0 1 6 0v5a3 3 0 0 1-6 0V3z"
          />
          <path
            d="M3.5 6.5A.5.5 0 0 1 4 7v1a4 4 0 0 0 8 0V7a.5.5 0 0 1 1 0v1a5 5 0 0 1-4.5 4.975V15h3a.5.5 0 0 1 0 1h-7a.5.5 0 0 1 0-1h3v-2.025A5 5 0 0 1 3 8V7a.5.5 0 0 1 .5-.5z"
          />
        </svg>
      </h4>
    </div>
  </nav>
</div>
`;
